{"level":"info","message":"[Sentry] SENTRY_DSN not configured. Operating with Winston local logger.","service":"anka-backend-api","timestamp":"2026-07-28 21:17:50"}
{"level":"info","message":"Successfully connected to MongoDB.","service":"anka-backend-api","timestamp":"2026-07-28 21:17:51"}
{"level":"info","message":"Server listening on port 5000","service":"anka-backend-api","timestamp":"2026-07-28 21:17:51"}
{"level":"info","message":"[Sentry] SENTRY_DSN not configured. Operating with Winston local logger.","service":"anka-backend-api","timestamp":"2026-07-28 21:28:11"}
{"level":"info","message":"Successfully connected to MongoDB.","service":"anka-backend-api","timestamp":"2026-07-28 21:28:12"}
{"level":"info","message":"Server listening on port 5000","service":"anka-backend-api","timestamp":"2026-07-28 21:28:12"}
{"level":"info","message":"[Sentry] SENTRY_DSN not configured. Operating with Winston local logger.","service":"anka-backend-api","timestamp":"2026-07-28 21:28:31"}
{"level":"info","message":"Successfully connected to MongoDB.","service":"anka-backend-api","timestamp":"2026-07-28 21:28:33"}
{"level":"info","message":"Server listening on port 5000","service":"anka-backend-api","timestamp":"2026-07-28 21:28:33"}
{"level":"info","message":"[Sentry] SENTRY_DSN not configured. Operating with Winston local logger.","service":"anka-backend-api","timestamp":"2026-07-28 21:28:57"}
{"level":"info","message":"Successfully connected to MongoDB.","service":"anka-backend-api","timestamp":"2026-07-28 21:28:58"}
{"level":"info","message":"Server listening on port 5000","service":"anka-backend-api","timestamp":"2026-07-28 21:28:58"}
{"level":"info","message":"[Sentry] SENTRY_DSN not configured. Operating with Winston local logger.","service":"anka-backend-api","timestamp":"2026-07-28 21:29:36"}
{"level":"info","message":"Successfully connected to MongoDB.","service":"anka-backend-api","timestamp":"2026-07-28 21:29:37"}
{"level":"info","message":"Server listening on port 5000","service":"anka-backend-api","timestamp":"2026-07-28 21:29:37"}
{"level":"info","message":"[Sentry] SENTRY_DSN not configured. Operating with Winston local logger.","service":"anka-backend-api","timestamp":"2026-07-28 21:30:28"}
{"level":"info","message":"Successfully connected to MongoDB.","service":"anka-backend-api","timestamp":"2026-07-28 21:30:29"}
{"level":"info","message":"Server listening on port 5000","service":"anka-backend-api","timestamp":"2026-07-28 21:30:29"}
{"level":"info","message":"[Sentry] SENTRY_DSN not configured. Operating with Winston local logger.","service":"anka-backend-api","timestamp":"2026-07-28 21:30:41"}
{"level":"info","message":"Successfully connected to MongoDB.","service":"anka-backend-api","timestamp":"2026-07-28 21:30:42"}
{"level":"info","message":"Server listening on port 5000","service":"anka-backend-api","timestamp":"2026-07-28 21:30:42"}
{"level":"info","message":"[Sentry] SENTRY_DSN not configured. Operating with Winston local logger.","service":"anka-backend-api","timestamp":"2026-07-28 21:30:58"}
{"level":"info","message":"[Sentry] SENTRY_DSN not configured. Operating with Winston local logger.","service":"anka-backend-api","timestamp":"2026-07-28 21:31:02"}
{"level":"info","message":"Successfully connected to MongoDB.","service":"anka-backend-api","timestamp":"2026-07-28 21:31:03"}
{"level":"info","message":"Server listening on port 5000","service":"anka-backend-api","timestamp":"2026-07-28 21:31:03"}
{"level":"info","message":"[Sentry] SENTRY_DSN not configured. Operating with Winston local logger.","service":"anka-backend-api","timestamp":"2026-07-28 21:31:15"}
{"level":"info","message":"Successfully connected to MongoDB.","service":"anka-backend-api","timestamp":"2026-07-28 21:31:16"}
{"level":"info","message":"Server listening on port 5000","service":"anka-backend-api","timestamp":"2026-07-28 21:31:16"}
{"level":"info","message":"[Sentry] SENTRY_DSN not configured. Operating with Winston local logger.","service":"anka-backend-api","timestamp":"2026-07-28 21:31:23"}
{"level":"info","message":"Successfully connected to MongoDB.","service":"anka-backend-api","timestamp":"2026-07-28 21:31:24"}
{"level":"info","message":"Server listening on port 5000","service":"anka-backend-api","timestamp":"2026-07-28 21:31:24"}
{"level":"info","message":"[Sentry] SENTRY_DSN not configured. Operating with Winston local logger.","service":"anka-backend-api","timestamp":"2026-07-28 21:43:16"}
{"level":"info","message":"Successfully connected to MongoDB.","service":"anka-backend-api","timestamp":"2026-07-28 21:43:18"}
{"level":"info","message":"Server listening on port 5000","service":"anka-backend-api","timestamp":"2026-07-28 21:43:18"}
{"level":"info","message":"[Sentry] SENTRY_DSN not configured. Operating with Winston local logger.","service":"anka-backend-api","timestamp":"2026-07-28 21:54:26"}
{"level":"info","message":"Successfully connected to MongoDB.","service":"anka-backend-api","timestamp":"2026-07-28 21:54:29"}
{"level":"info","message":"Server listening on port 5000","service":"anka-backend-api","timestamp":"2026-07-28 21:54:29"}
{"level":"info","message":"[Sentry] SENTRY_DSN not configured. Operating with Winston local logger.","service":"anka-backend-api","timestamp":"2026-07-28 22:02:39"}
{"level":"info","message":"[Socket.io] Operating with in-memory adapter for Socket.io events.","service":"anka-backend-api","timestamp":"2026-07-28 22:02:39"}
{"level":"info","message":"Successfully connected to MongoDB.","service":"anka-backend-api","timestamp":"2026-07-28 22:02:42"}
{"level":"info","message":"Server listening on port 5000","service":"anka-backend-api","timestamp":"2026-07-28 22:02:42"}
{"level":"info","message":"[Sentry] SENTRY_DSN not configured. Operating with Winston local logger.","service":"anka-backend-api","timestamp":"2026-07-28 22:08:04"}
{"level":"info","message":"[Socket.io] Operating with in-memory adapter for Socket.io events.","service":"anka-backend-api","timestamp":"2026-07-28 22:08:05"}
{"level":"info","message":"Successfully connected to MongoDB.","service":"anka-backend-api","timestamp":"2026-07-28 22:08:07"}
{"level":"info","message":"Server listening on port 5000","service":"anka-backend-api","timestamp":"2026-07-28 22:08:07"}
{"level":"info","message":"[Sentry] SENTRY_DSN not configured. Operating with Winston local logger.","service":"anka-backend-api","timestamp":"2026-07-28 22:08:14"}
{"level":"info","message":"[Socket.io] Operating with in-memory adapter for Socket.io events.","service":"anka-backend-api","timestamp":"2026-07-28 22:08:14"}
{"level":"info","message":"Successfully connected to MongoDB.","service":"anka-backend-api","timestamp":"2026-07-28 22:08:16"}
{"level":"info","message":"Server listening on port 5000","service":"anka-backend-api","timestamp":"2026-07-28 22:08:16"}
{"level":"info","message":"[Sentry] SENTRY_DSN not configured. Operating with Winston local logger.","service":"anka-backend-api","timestamp":"2026-07-28 22:08:36"}
{"level":"info","message":"[Socket.io] Operating with in-memory adapter for Socket.io events.","service":"anka-backend-api","timestamp":"2026-07-28 22:08:36"}
{"level":"info","message":"Successfully connected to MongoDB.","service":"anka-backend-api","timestamp":"2026-07-28 22:08:38"}
{"level":"info","message":"Server listening on port 5000","service":"anka-backend-api","timestamp":"2026-07-28 22:08:38"}
{"level":"info","message":"[Sentry] SENTRY_DSN not configured. Operating with Winston local logger.","service":"anka-backend-api","timestamp":"2026-07-28 22:09:26"}
{"level":"info","message":"[Socket.io] Operating with in-memory adapter for Socket.io events.","service":"anka-backend-api","timestamp":"2026-07-28 22:09:26"}
{"level":"info","message":"Successfully connected to MongoDB.","service":"anka-backend-api","timestamp":"2026-07-28 22:09:28"}
{"level":"info","message":"Server listening on port 5000","service":"anka-backend-api","timestamp":"2026-07-28 22:09:28"}
{"level":"info","message":"[Socket.io] Operating with in-memory adapter for Socket.io events.","service":"anka-backend-api","timestamp":"2026-07-28 22:11:41"}
{"level":"info","message":"Successfully connected to MongoDB.","service":"anka-backend-api","timestamp":"2026-07-28 22:11:42"}
{"level":"info","message":"Server listening on port 5000","service":"anka-backend-api","timestamp":"2026-07-28 22:11:42"}
{"level":"info","message":"[Socket.io] Operating with in-memory adapter for Socket.io events.","service":"anka-backend-api","timestamp":"2026-07-28 22:14:02"}
{"level":"info","message":"Successfully connected to MongoDB.","service":"anka-backend-api","timestamp":"2026-07-28 22:14:05"}
{"level":"info","message":"Server listening on port 5000","service":"anka-backend-api","timestamp":"2026-07-28 22:14:05"}
{"level":"info","message":"[Socket.io] Operating with in-memory adapter for Socket.io events.","service":"anka-backend-api","timestamp":"2026-07-28 22:14:14"}
{"level":"info","message":"Successfully connected to MongoDB.","service":"anka-backend-api","timestamp":"2026-07-28 22:14:17"}
{"level":"info","message":"Server listening on port 5000","service":"anka-backend-api","timestamp":"2026-07-28 22:14:17"}
{"level":"info","message":"[Socket.io] Operating with in-memory adapter for Socket.io events.","service":"anka-backend-api","timestamp":"2026-07-28 22:15:25"}
{"level":"info","message":"Successfully connected to MongoDB.","service":"anka-backend-api","timestamp":"2026-07-28 22:15:27"}
{"level":"info","message":"Server listening on port 5000","service":"anka-backend-api","timestamp":"2026-07-28 22:15:27"}
{"level":"info","message":"[Socket.io] Operating with in-memory adapter for Socket.io events.","service":"anka-backend-api","timestamp":"2026-07-28 22:32:49"}
{"level":"info","message":"Successfully connected to MongoDB.","service":"anka-backend-api","timestamp":"2026-07-28 22:32:50"}
{"level":"info","message":"Server listening on port 5000","service":"anka-backend-api","timestamp":"2026-07-28 22:32:50"}
{"level":"info","message":"[Socket.io] Operating with in-memory adapter for Socket.io events.","service":"anka-backend-api","timestamp":"2026-07-28 22:40:13"}
{"level":"error","message":"Failed to connect to MongoDB: read ECONNRESET","service":"anka-backend-api","timestamp":"2026-07-28 22:40:33"}
{"level":"warn","message":"Running in Fallback Mock Database mode for development...","service":"anka-backend-api","timestamp":"2026-07-28 22:40:33"}
{"level":"info","message":"Server running in fallback mode on port 5000 (Database not connected)","service":"anka-backend-api","timestamp":"2026-07-28 22:40:33"}
{"level":"info","message":"[Socket.io] Operating with in-memory adapter for Socket.io events.","service":"anka-backend-api","timestamp":"2026-07-28 22:41:45"}
{"level":"info","message":"Successfully connected to MongoDB.","service":"anka-backend-api","timestamp":"2026-07-28 22:41:47"}
{"level":"info","message":"Server listening on port 5000","service":"anka-backend-api","timestamp":"2026-07-28 22:41:47"}
{"level":"info","message":"[Socket.io] Operating with in-memory adapter for Socket.io events.","service":"anka-backend-api","timestamp":"2026-07-28 22:48:12"}
{"level":"info","message":"Successfully connected to MongoDB.","service":"anka-backend-api","timestamp":"2026-07-28 22:48:14"}
{"level":"info","message":"Server listening on port 5000","service":"anka-backend-api","timestamp":"2026-07-28 22:48:14"}
{"level":"info","message":"[Socket.io] Operating with in-memory adapter for Socket.io events.","service":"anka-backend-api","timestamp":"2026-07-28 22:55:04"}
{"level":"info","message":"Successfully connected to MongoDB.","service":"anka-backend-api","timestamp":"2026-07-28 22:55:05"}
{"level":"info","message":"Server listening on port 5000","service":"anka-backend-api","timestamp":"2026-07-28 22:55:05"}
{"level":"info","message":"[Socket.io] Operating with in-memory adapter for Socket.io events.","service":"anka-backend-api","timestamp":"2026-07-28 23:40:41"}
{"level":"info","message":"Successfully connected to MongoDB.","service":"anka-backend-api","timestamp":"2026-07-28 23:40:44"}
{"level":"info","message":"Server listening on port 5000","service":"anka-backend-api","timestamp":"2026-07-28 23:40:44"}
{"level":"info","message":"[Socket.io] Operating with in-memory adapter for Socket.io events.","service":"anka-backend-api","timestamp":"2026-07-29 00:15:29"}
{"level":"info","message":"Successfully connected to MongoDB.","service":"anka-backend-api","timestamp":"2026-07-29 00:15:31"}
{"level":"info","message":"Server listening on port 5000","service":"anka-backend-api","timestamp":"2026-07-29 00:15:31"}
{"level":"info","message":"[Socket.io] Operating with in-memory adapter for Socket.io events.","service":"anka-backend-api","timestamp":"2026-07-29 00:25:08"}
{"level":"info","message":"Successfully connected to MongoDB.","service":"anka-backend-api","timestamp":"2026-07-29 00:25:12"}
{"level":"info","message":"Server listening on port 5000","service":"anka-backend-api","timestamp":"2026-07-29 00:25:12"}
{"level":"info","message":"[Socket.io] Operating with in-memory adapter for Socket.io events.","service":"anka-backend-api","timestamp":"2026-07-29 00:25:28"}
{"level":"info","message":"Successfully connected to MongoDB.","service":"anka-backend-api","timestamp":"2026-07-29 00:25:31"}
{"level":"info","message":"Server listening on port 5000","service":"anka-backend-api","timestamp":"2026-07-29 00:25:31"}
{"level":"info","message":"[Socket.io] Operating with in-memory adapter for Socket.io events.","service":"anka-backend-api","timestamp":"2026-07-29 00:25:48"}
{"level":"info","message":"Successfully connected to MongoDB.","service":"anka-backend-api","timestamp":"2026-07-29 00:25:49"}
{"level":"info","message":"Server listening on port 5000","service":"anka-backend-api","timestamp":"2026-07-29 00:25:49"}
{"level":"info","message":"[Socket.io] Operating with in-memory adapter for Socket.io events.","service":"anka-backend-api","timestamp":"2026-07-29 00:41:44"}
{"level":"info","message":"Successfully connected to MongoDB.","service":"anka-backend-api","timestamp":"2026-07-29 00:41:47"}
{"level":"info","message":"Server listening on port 5000","service":"anka-backend-api","timestamp":"2026-07-29 00:41:47"}
{"level":"info","message":"[Socket.io] Operating with in-memory adapter for Socket.io events.","service":"anka-backend-api","timestamp":"2026-07-29 00:41:59"}
{"level":"info","message":"Successfully connected to MongoDB.","service":"anka-backend-api","timestamp":"2026-07-29 00:42:01"}
{"level":"info","message":"Server listening on port 5000","service":"anka-backend-api","timestamp":"2026-07-29 00:42:01"}
{"level":"info","message":"[Socket.io] Operating with in-memory adapter for Socket.io events.","service":"anka-backend-api","timestamp":"2026-07-29 00:42:11"}
{"level":"info","message":"Successfully connected to MongoDB.","service":"anka-backend-api","timestamp":"2026-07-29 00:42:12"}
{"level":"info","message":"Server listening on port 5000","service":"anka-backend-api","timestamp":"2026-07-29 00:42:12"}
{"level":"info","message":"[EmailQueue] Operating with in-memory background email worker.","service":"anka-backend-api","timestamp":"2026-07-29 00:52:34"}
{"level":"info","message":"[Socket.io] Operating with in-memory adapter for Socket.io events.","service":"anka-backend-api","timestamp":"2026-07-29 00:54:17"}
{"level":"info","message":"[Socket.io] Operating with in-memory adapter for Socket.io events.","service":"anka-backend-api","timestamp":"2026-07-29 00:54:29"}
{"level":"info","message":"Successfully connected to MongoDB.","service":"anka-backend-api","timestamp":"2026-07-29 00:54:30"}
{"level":"info","message":"Server listening on port 5000","service":"anka-backend-api","timestamp":"2026-07-29 00:54:30"}
{"level":"info","message":"[Socket.io] Operating with in-memory adapter for Socket.io events.","service":"anka-backend-api","timestamp":"2026-07-29 01:03:41"}
{"level":"info","message":"Successfully connected to MongoDB.","service":"anka-backend-api","timestamp":"2026-07-29 01:03:42"}
{"level":"info","message":"Server listening on port 5000","service":"anka-backend-api","timestamp":"2026-07-29 01:03:42"}
{"level":"info","message":"[EmailQueue] Operating with in-memory background email worker.","service":"anka-backend-api","timestamp":"2026-07-29 01:10:03"}
{"level":"warn","message":"[WhatsApp] Twilio credentials (TWILIO_ACCOUNT_SID, TWILIO_AUTH_TOKEN, TWILIO_WHATSAPP_NUMBER) are not set in environment.","service":"anka-backend-api","timestamp":"2026-07-29 01:10:03"}
{"level":"info","message":"[EmailQueue] Queued credentials email job for: akashroy73826@gmail.com","service":"anka-backend-api","timestamp":"2026-07-29 01:10:03"}
{"level":"info","message":"[EmailQueue] Successfully processed credentials email for akashroy73826@gmail.com","service":"anka-backend-api","timestamp":"2026-07-29 01:10:12"}
{"level":"info","message":"[Socket.io] Operating with in-memory adapter for Socket.io events.","service":"anka-backend-api","timestamp":"2026-07-29 01:12:08"}
{"level":"info","message":"Successfully connected to MongoDB.","service":"anka-backend-api","timestamp":"2026-07-29 01:12:09"}
{"level":"info","message":"Server listening on port 5000","service":"anka-backend-api","timestamp":"2026-07-29 01:12:09"}
{"level":"info","message":"[Socket.io] Operating with in-memory adapter for Socket.io events.","service":"anka-backend-api","timestamp":"2026-07-29 01:13:27"}
{"level":"info","message":"Successfully connected to MongoDB.","service":"anka-backend-api","timestamp":"2026-07-29 01:13:29"}
{"level":"info","message":"Server listening on port 5000","service":"anka-backend-api","timestamp":"2026-07-29 01:13:29"}
{"level":"info","message":"[Socket.io] Operating with in-memory adapter for Socket.io events.","service":"anka-backend-api","timestamp":"2026-07-29 17:07:20"}
{"level":"info","message":"Successfully connected to MongoDB.","service":"anka-backend-api","timestamp":"2026-07-29 17:07:23"}
{"level":"info","message":"Server listening on port 5000","service":"anka-backend-api","timestamp":"2026-07-29 17:07:23"}
{"level":"info","message":"[Socket.io] Operating with in-memory adapter for Socket.io events.","service":"anka-backend-api","timestamp":"2026-07-29 21:59:10"}
{"level":"info","message":"Successfully connected to MongoDB.","service":"anka-backend-api","timestamp":"2026-07-29 21:59:11"}
{"level":"info","message":"Server listening on port 5000","service":"anka-backend-api","timestamp":"2026-07-29 21:59:11"}
{"level":"info","message":"[Socket.io] Operating with in-memory adapter for Socket.io events.","service":"anka-backend-api","timestamp":"2026-07-29 22:04:34"}
{"level":"info","message":"Successfully connected to MongoDB.","service":"anka-backend-api","timestamp":"2026-07-29 22:04:35"}
{"level":"info","message":"Server listening on port 5000","service":"anka-backend-api","timestamp":"2026-07-29 22:04:35"}
{"level":"info","message":"[Socket.io] Operating with in-memory adapter for Socket.io events.","service":"anka-backend-api","timestamp":"2026-07-29 22:06:32"}
{"level":"info","message":"Successfully connected to MongoDB.","service":"anka-backend-api","timestamp":"2026-07-29 22:06:35"}
{"level":"info","message":"Server listening on port 5000","service":"anka-backend-api","timestamp":"2026-07-29 22:06:35"}
{"level":"info","message":"[Socket.io] Operating with in-memory adapter for Socket.io events.","service":"anka-backend-api","timestamp":"2026-07-29 22:09:24"}
{"level":"info","message":"Successfully connected to MongoDB.","service":"anka-backend-api","timestamp":"2026-07-29 22:09:28"}
{"level":"info","message":"Server listening on port 5000","service":"anka-backend-api","timestamp":"2026-07-29 22:09:28"}
{"level":"info","message":"[Socket.io] Operating with in-memory adapter for Socket.io events.","service":"anka-backend-api","timestamp":"2026-07-31 15:28:26"}
{"level":"info","message":"Successfully connected to MongoDB.","service":"anka-backend-api","timestamp":"2026-07-31 15:28:30"}
{"level":"info","message":"Server listening on port 5000","service":"anka-backend-api","timestamp":"2026-07-31 15:28:30"}
{"level":"info","message":"[Socket.io] Operating with in-memory adapter for Socket.io events.","service":"anka-backend-api","timestamp":"2026-07-31 17:32:30"}
{"level":"info","message":"Successfully connected to MongoDB.","service":"anka-backend-api","timestamp":"2026-07-31 17:32:35"}
{"level":"info","message":"Server listening on port 5000","service":"anka-backend-api","timestamp":"2026-07-31 17:32:35"}
{"level":"info","message":"[Socket.io] Operating with in-memory adapter for Socket.io events.","service":"anka-backend-api","timestamp":"2026-07-31 17:41:18"}
{"level":"info","message":"Successfully connected to MongoDB.","service":"anka-backend-api","timestamp":"2026-07-31 17:41:22"}
{"level":"info","message":"Server listening on port 5000","service":"anka-backend-api","timestamp":"2026-07-31 17:41:22"}
{"level":"info","message":"[Socket.io] Operating with in-memory adapter for Socket.io events.","service":"anka-backend-api","timestamp":"2026-07-31 17:43:08"}
{"level":"info","message":"Successfully connected to MongoDB.","service":"anka-backend-api","timestamp":"2026-07-31 17:43:12"}
{"level":"info","message":"Server listening on port 5000","service":"anka-backend-api","timestamp":"2026-07-31 17:43:12"}
{"level":"info","message":"[Socket.io] Operating with in-memory adapter for Socket.io events.","service":"anka-backend-api","timestamp":"2026-07-31 17:44:35"}
{"level":"info","message":"Successfully connected to MongoDB.","service":"anka-backend-api","timestamp":"2026-07-31 17:44:38"}
{"level":"info","message":"Server listening on port 5000","service":"anka-backend-api","timestamp":"2026-07-31 17:44:38"}
{"level":"info","message":"[EmailQueue] Operating with in-memory background email worker.","service":"anka-backend-api","timestamp":"2026-07-31 17:54:09"}
{"level":"warn","message":"[WhatsApp] Twilio credentials (TWILIO_ACCOUNT_SID, TWILIO_AUTH_TOKEN, TWILIO_WHATSAPP_NUMBER) are not set in environment.","service":"anka-backend-api","timestamp":"2026-07-31 17:54:10"}
{"level":"info","message":"[EmailQueue] Queued credentials email job for: akashroy73826@gmail.com","service":"anka-backend-api","timestamp":"2026-07-31 17:54:10"}
{"level":"info","message":"[EmailQueue] Successfully processed credentials email for akashroy73826@gmail.com","service":"anka-backend-api","timestamp":"2026-07-31 17:54:29"}
{"level":"info","message":"[Socket.io] Operating with in-memory adapter for Socket.io events.","service":"anka-backend-api","timestamp":"2026-07-31 19:25:52"}
{"level":"info","message":"Successfully connected to MongoDB.","service":"anka-backend-api","timestamp":"2026-07-31 19:26:07"}
{"level":"info","message":"Server listening on port 5000","service":"anka-backend-api","timestamp":"2026-07-31 19:26:07"}
{"level":"info","message":"[Socket.io] Operating with in-memory adapter for Socket.io events.","service":"anka-backend-api","timestamp":"2026-07-31 19:28:50"}
{"level":"info","message":"Successfully connected to MongoDB.","service":"anka-backend-api","timestamp":"2026-07-31 19:29:06"}
{"level":"info","message":"Server listening on port 5000","service":"anka-backend-api","timestamp":"2026-07-31 19:29:06"}
{"level":"info","message":"[EmailQueue] Operating with in-memory background email worker.","service":"anka-backend-api","timestamp":"2026-07-31 19:33:47"}
{"level":"warn","message":"[WhatsApp] Twilio credentials (TWILIO_ACCOUNT_SID, TWILIO_AUTH_TOKEN, TWILIO_WHATSAPP_NUMBER) are not set in environment.","service":"anka-backend-api","timestamp":"2026-07-31 19:33:47"}
{"level":"info","message":"[EmailQueue] Queued credentials email job for: akashroy73826@gmail.com","service":"anka-backend-api","timestamp":"2026-07-31 19:33:48"}
{"level":"info","message":"[EmailQueue] Successfully processed credentials email for akashroy73826@gmail.com","service":"anka-backend-api","timestamp":"2026-07-31 19:33:55"}
{"level":"info","message":"[Socket.io] Operating with in-memory adapter for Socket.io events.","service":"anka-backend-api","timestamp":"2026-07-31 19:50:04"}
{"level":"info","message":"Successfully connected to MongoDB.","service":"anka-backend-api","timestamp":"2026-07-31 19:50:11"}
{"level":"info","message":"Server listening on port 5000","service":"anka-backend-api","timestamp":"2026-07-31 19:50:11"}
{"level":"info","message":"[Socket.io] Operating with in-memory adapter for Socket.io events.","service":"anka-backend-api","timestamp":"2026-07-31 20:12:18"}
{"level":"info","message":"Successfully connected to MongoDB.","service":"anka-backend-api","timestamp":"2026-07-31 20:12:24"}
{"level":"info","message":"Server listening on port 5000","service":"anka-backend-api","timestamp":"2026-07-31 20:12:24"}
{"level":"info","message":"[Socket.io] Operating with in-memory adapter for Socket.io events.","service":"anka-backend-api","timestamp":"2026-07-31 22:26:17"}
{"level":"info","message":"Successfully connected to MongoDB.","service":"anka-backend-api","timestamp":"2026-07-31 22:26:19"}
{"level":"info","message":"Server listening on port 5000","service":"anka-backend-api","timestamp":"2026-07-31 22:26:19"}
{"level":"info","message":"[Socket.io] Operating with in-memory adapter for Socket.io events.","service":"anka-backend-api","timestamp":"2026-08-01 02:43:08"}
{"level":"info","message":"Successfully connected to MongoDB.","service":"anka-backend-api","timestamp":"2026-08-01 02:43:10"}
{"level":"info","message":"Server listening on port 5000","service":"anka-backend-api","timestamp":"2026-08-01 02:43:10"}
{"level":"info","message":"[EmailQueue] Operating with in-memory background email worker.","service":"anka-backend-api","timestamp":"2026-08-01 02:46:32"}
{"level":"warn","message":"[WhatsApp] Twilio credentials (TWILIO_ACCOUNT_SID, TWILIO_AUTH_TOKEN, TWILIO_WHATSAPP_NUMBER) are not set in environment.","service":"anka-backend-api","timestamp":"2026-08-01 02:46:33"}
{"level":"info","message":"[EmailQueue] Queued credentials email job for: akashroy73826@gmail.com","service":"anka-backend-api","timestamp":"2026-08-01 02:46:33"}
{"level":"info","message":"[EmailQueue] Successfully processed credentials email for akashroy73826@gmail.com","service":"anka-backend-api","timestamp":"2026-08-01 02:46:44"}
{"level":"info","message":"[Socket.io] Operating with in-memory adapter for Socket.io events.","service":"anka-backend-api","timestamp":"2026-08-01 06:23:45"}
{"level":"info","message":"Successfully connected to MongoDB.","service":"anka-backend-api","timestamp":"2026-08-01 06:23:48"}
{"level":"info","message":"Server listening on port 5000","service":"anka-backend-api","timestamp":"2026-08-01 06:23:48"}
{"level":"info","message":"[Socket.io] Operating with in-memory adapter for Socket.io events.","service":"anka-backend-api","timestamp":"2026-08-03 02:10:46"}
{"level":"info","message":"Successfully connected to MongoDB.","service":"anka-backend-api","timestamp":"2026-08-03 02:10:48"}
{"level":"info","message":"Server listening on port 5000","service":"anka-backend-api","timestamp":"2026-08-03 02:10:48"}
{"address":"ac-7w3px35-shard-00-01.o78fwnh.mongodb.net:27017","beforeHandshake":false,"cause":{"beforeHandshake":false,"errorLabelSet":{}},"errorLabelSet":{},"level":"error","message":"Error executing archiveExpiredInstances job: Connection to ac-7w3px35-shard-00-01.o78fwnh.mongodb.net:27017 interrupted due to server monitor timeout","service":"anka-backend-api","stack":"PoolClearedOnNetworkError: Connection to ac-7w3px35-shard-00-01.o78fwnh.mongodb.net:27017 interrupted due to server monitor timeout\n    at ConnectionPool.interruptInUseConnections (C:\\Users\\khush\\OneDrive\\Desktop\\Anka\\server\\node_modules\\mongodb\\lib\\cmap\\connection_pool.js:253:36)\n    at C:\\Users\\khush\\OneDrive\\Desktop\\Anka\\server\\node_modules\\mongodb\\lib\\cmap\\connection_pool.js:241:41\n    at processTicksAndRejections (node:internal/process/task_queues:84:11)\n    at runNextTicks (node:internal/process/task_queues:68:3)\n    at listOnTimeout (node:internal/timers:567:9)\n    at process.processTimers (node:internal/timers:541:7)","timestamp":"2026-08-03 08:55:41"}
{"level":"info","message":"[Socket.io] Operating with in-memory adapter for Socket.io events.","service":"anka-backend-api","timestamp":"2026-08-05 16:23:39"}
{"level":"info","message":"Successfully connected to MongoDB.","service":"anka-backend-api","timestamp":"2026-08-05 16:23:42"}
{"level":"info","message":"Server listening on port 5000","service":"anka-backend-api","timestamp":"2026-08-05 16:23:42"}
{"level":"info","message":"[Socket.io] Operating with in-memory adapter for Socket.io events.","service":"anka-backend-api","timestamp":"2026-08-05 18:21:17"}
{"level":"error","message":"Failed to connect to MongoDB: Could not connect to any servers in your MongoDB Atlas cluster. One common reason is that you're trying to access the database from an IP that isn't whitelisted. Make sure your current IP address is on your Atlas cluster's IP whitelist: https://www.mongodb.com/docs/atlas/security-whitelist/","service":"anka-backend-api","timestamp":"2026-08-05 18:21:47"}
{"level":"warn","message":"Running in Fallback Mock Database mode for development...","service":"anka-backend-api","timestamp":"2026-08-05 18:21:47"}
{"level":"info","message":"Server running in fallback mode on port 5000 (Database not connected)","service":"anka-backend-api","timestamp":"2026-08-05 18:21:47"}
{"level":"info","message":"[Socket.io] Operating with in-memory adapter for Socket.io events.","service":"anka-backend-api","timestamp":"2026-08-05 18:23:41"}
{"level":"error","message":"Failed to connect to MongoDB: Could not connect to any servers in your MongoDB Atlas cluster. One common reason is that you're trying to access the database from an IP that isn't whitelisted. Make sure your current IP address is on your Atlas cluster's IP whitelist: https://www.mongodb.com/docs/atlas/security-whitelist/","service":"anka-backend-api","timestamp":"2026-08-05 18:24:11"}
{"level":"warn","message":"Running in Fallback Mock Database mode for development...","service":"anka-backend-api","timestamp":"2026-08-05 18:24:11"}
{"level":"info","message":"Server running in fallback mode on port 5000 (Database not connected)","service":"anka-backend-api","timestamp":"2026-08-05 18:24:11"}
{"level":"info","message":"[Socket.io] Operating with in-memory adapter for Socket.io events.","service":"anka-backend-api","timestamp":"2026-08-05 18:24:22"}
{"level":"error","message":"Failed to connect to MongoDB: Could not connect to any servers in your MongoDB Atlas cluster. One common reason is that you're trying to access the database from an IP that isn't whitelisted. Make sure your current IP address is on your Atlas cluster's IP whitelist: https://www.mongodb.com/docs/atlas/security-whitelist/","service":"anka-backend-api","timestamp":"2026-08-05 18:24:52"}
{"level":"warn","message":"Running in Fallback Mock Database mode for development...","service":"anka-backend-api","timestamp":"2026-08-05 18:24:52"}
{"level":"info","message":"Server running in fallback mode on port 5000 (Database not connected)","service":"anka-backend-api","timestamp":"2026-08-05 18:24:52"}
{"level":"info","message":"[Socket.io] Operating with in-memory adapter for Socket.io events.","service":"anka-backend-api","timestamp":"2026-08-05 18:28:29"}
{"level":"error","message":"Failed to connect to MongoDB: Could not connect to any servers in your MongoDB Atlas cluster. One common reason is that you're trying to access the database from an IP that isn't whitelisted. Make sure your current IP address is on your Atlas cluster's IP whitelist: https://www.mongodb.com/docs/atlas/security-whitelist/","service":"anka-backend-api","timestamp":"2026-08-05 18:29:00"}
{"level":"warn","message":"Running in Fallback Mock Database mode for development...","service":"anka-backend-api","timestamp":"2026-08-05 18:29:00"}
{"level":"info","message":"Server running in fallback mode on port 5000 (Database not connected)","service":"anka-backend-api","timestamp":"2026-08-05 18:29:00"}
{"level":"info","message":"[Socket.io] Operating with in-memory adapter for Socket.io events.","service":"anka-backend-api","timestamp":"2026-08-05 18:30:12"}
{"level":"error","message":"Failed to connect to MongoDB: Could not connect to any servers in your MongoDB Atlas cluster. One common reason is that you're trying to access the database from an IP that isn't whitelisted. Make sure your current IP address is on your Atlas cluster's IP whitelist: https://www.mongodb.com/docs/atlas/security-whitelist/","service":"anka-backend-api","timestamp":"2026-08-05 18:30:43"}
{"level":"warn","message":"Running in Fallback Mock Database mode for development...","service":"anka-backend-api","timestamp":"2026-08-05 18:30:43"}
{"level":"info","message":"Server running in fallback mode on port 5000 (Database not connected)","service":"anka-backend-api","timestamp":"2026-08-05 18:30:43"}
{"level":"info","message":"[Socket.io] Operating with in-memory adapter for Socket.io events.","service":"anka-backend-api","timestamp":"2026-08-05 18:31:28"}
{"level":"error","message":"Failed to connect to MongoDB: Could not connect to any servers in your MongoDB Atlas cluster. One common reason is that you're trying to access the database from an IP that isn't whitelisted. Make sure your current IP address is on your Atlas cluster's IP whitelist: https://www.mongodb.com/docs/atlas/security-whitelist/","service":"anka-backend-api","timestamp":"2026-08-05 18:31:59"}
{"level":"warn","message":"Running in Fallback Mock Database mode for development...","service":"anka-backend-api","timestamp":"2026-08-05 18:31:59"}
{"level":"info","message":"Server running in fallback mode on port 5000 (Database not connected)","service":"anka-backend-api","timestamp":"2026-08-05 18:31:59"}
{"level":"info","message":"[Socket.io] Operating with in-memory adapter for Socket.io events.","service":"anka-backend-api","timestamp":"2026-08-05 18:33:20"}
{"level":"error","message":"Failed to connect to MongoDB: Could not connect to any servers in your MongoDB Atlas cluster. One common reason is that you're trying to access the database from an IP that isn't whitelisted. Make sure your current IP address is on your Atlas cluster's IP whitelist: https://www.mongodb.com/docs/atlas/security-whitelist/","service":"anka-backend-api","timestamp":"2026-08-05 18:33:51"}
{"level":"warn","message":"Running in Fallback Mock Database mode for development...","service":"anka-backend-api","timestamp":"2026-08-05 18:33:51"}
{"level":"info","message":"Server running in fallback mode on port 5000 (Database not connected)","service":"anka-backend-api","timestamp":"2026-08-05 18:33:51"}
{"level":"info","message":"[Socket.io] Operating with in-memory adapter for Socket.io events.","service":"anka-backend-api","timestamp":"2026-08-05 18:35:32"}
{"level":"error","message":"Failed to connect to MongoDB: Could not connect to any servers in your MongoDB Atlas cluster. One common reason is that you're trying to access the database from an IP that isn't whitelisted. Make sure your current IP address is on your Atlas cluster's IP whitelist: https://www.mongodb.com/docs/atlas/security-whitelist/","service":"anka-backend-api","timestamp":"2026-08-05 18:36:03"}
{"level":"warn","message":"Running in Fallback Mock Database mode for development...","service":"anka-backend-api","timestamp":"2026-08-05 18:36:03"}
{"level":"info","message":"Server running in fallback mode on port 5000 (Database not connected)","service":"anka-backend-api","timestamp":"2026-08-05 18:36:03"}
{"level":"info","message":"[Socket.io] Operating with in-memory adapter for Socket.io events.","service":"anka-backend-api","timestamp":"2026-08-05 18:40:02"}
{"level":"error","message":"Failed to connect to MongoDB: Could not connect to any servers in your MongoDB Atlas cluster. One common reason is that you're trying to access the database from an IP that isn't whitelisted. Make sure your current IP address is on your Atlas cluster's IP whitelist: https://www.mongodb.com/docs/atlas/security-whitelist/","service":"anka-backend-api","timestamp":"2026-08-05 18:40:32"}
{"level":"info","message":"[Socket.io] Operating with in-memory adapter for Socket.io events.","service":"anka-backend-api","timestamp":"2026-08-05 18:41:43"}
{"level":"info","message":"[Socket.io] Operating with in-memory adapter for Socket.io events.","service":"anka-backend-api","timestamp":"2026-08-05 18:42:05"}
{"level":"error","message":"Failed to connect to MongoDB: Could not connect to any servers in your MongoDB Atlas cluster. One common reason is that you're trying to access the database from an IP that isn't whitelisted. Make sure your current IP address is on your Atlas cluster's IP whitelist: https://www.mongodb.com/docs/atlas/security-whitelist/","service":"anka-backend-api","timestamp":"2026-08-05 18:42:36"}
{"level":"warn","message":"Running in Fallback Mock Database mode for development...","service":"anka-backend-api","timestamp":"2026-08-05 18:42:36"}
{"level":"info","message":"Server running in fallback mode on port 5000 (Database not connected)","service":"anka-backend-api","timestamp":"2026-08-05 18:42:36"}
{"level":"info","message":"[Socket.io] Operating with in-memory adapter for Socket.io events.","service":"anka-backend-api","timestamp":"2026-08-05 18:43:57"}
{"level":"info","message":"[Socket.io] Operating with in-memory adapter for Socket.io events.","service":"anka-backend-api","timestamp":"2026-08-05 18:44:29"}
{"level":"info","message":"[Socket.io] Operating with in-memory adapter for Socket.io events.","service":"anka-backend-api","timestamp":"2026-08-05 18:44:49"}
{"level":"info","message":"[Socket.io] Operating with in-memory adapter for Socket.io events.","service":"anka-backend-api","timestamp":"2026-08-05 18:45:18"}
{"level":"error","message":"Failed to connect to MongoDB: Could not connect to any servers in your MongoDB Atlas cluster. One common reason is that you're trying to access the database from an IP that isn't whitelisted. Make sure your current IP address is on your Atlas cluster's IP whitelist: https://www.mongodb.com/docs/atlas/security-whitelist/","service":"anka-backend-api","timestamp":"2026-08-05 18:45:48"}
{"level":"warn","message":"Running in Fallback Mock Database mode for development...","service":"anka-backend-api","timestamp":"2026-08-05 18:45:48"}
{"level":"info","message":"Server running in fallback mode on port 5000 (Database not connected)","service":"anka-backend-api","timestamp":"2026-08-05 18:45:48"}
{"level":"info","message":"[Socket.io] Operating with in-memory adapter for Socket.io events.","service":"anka-backend-api","timestamp":"2026-08-05 18:46:44"}
{"level":"info","message":"Successfully connected to MongoDB.","service":"anka-backend-api","timestamp":"2026-08-05 18:46:47"}
{"level":"info","message":"Server listening on port 5000","service":"anka-backend-api","timestamp":"2026-08-05 18:46:49"}
{"level":"info","message":"[Socket.io] Operating with in-memory adapter for Socket.io events.","service":"anka-backend-api","timestamp":"2026-08-05 19:11:50"}
{"level":"info","message":"Successfully connected to MongoDB.","service":"anka-backend-api","timestamp":"2026-08-05 19:11:52"}
{"level":"info","message":"Server listening on port 5000","service":"anka-backend-api","timestamp":"2026-08-05 19:11:52"}
{"level":"info","message":"[Socket.io] Operating with in-memory adapter for Socket.io events.","service":"anka-backend-api","timestamp":"2026-08-05 19:12:29"}
{"level":"info","message":"[Socket.io] Operating with in-memory adapter for Socket.io events.","service":"anka-backend-api","timestamp":"2026-08-05 19:12:40"}
{"level":"info","message":"Successfully connected to MongoDB.","service":"anka-backend-api","timestamp":"2026-08-05 19:12:43"}
{"level":"info","message":"Server listening on port 5000","service":"anka-backend-api","timestamp":"2026-08-05 19:12:43"}
